                         A C M E  W I D G E T                         
                                                                      
EMPLOYEE REPORT                                              PAGE:   1
                                                                      
DEPARTMENT          LAST NAME                          MONTHLY SALARY 
----------          -------------------------          -------------- 
        20          Hartstein                                 $13,000 
**********                                             -------------- 
sum                                                           $13,000 
                                                                      
        80          Partners                                  $13,500 
                    Russell                                   $14,000 
**********                                             -------------- 
sum                                                           $27,500 
                                                                      
        90          De Haan                                   $17,000 
                    King                                      $24,000 
                    Kochhar                                   $17,000 
**********                                             -------------- 
sum                                                           $58,000 
                                                                      
       100          Greenberg                                 $12,008 
**********                                             -------------- 
                         COMPANY CONFIDENTIAL                         
                         A C M E  W I D G E T                         
                                                                      
EMPLOYEE REPORT                                              PAGE:   2
                                                                      
DEPARTMENT          LAST NAME                          MONTHLY SALARY 
----------          -------------------------          -------------- 
sum                                                           $12,008 
                                                                      
       110          Higgins                                   $12,008 
**********                                             -------------- 
sum                                                           $12,008 
                                                                      
                                                       -------------- 
sum                                                          ######## 









                         COMPANY CONFIDENTIAL                         
